2026-08-16 21:32:50.978: [INFO] CurrentProfilePath: C:\Users\rodrigo\Desktop\DevNetwork\.metadata\.plugins\org.eclipse.swt\EBWebView\Default
2026-08-16 21:32:50.978: [INFO] Profiles total count: 1
2026-08-16 21:32:50.978: [INFO] Profile: name=Perfil 1 path=C:\Users\rodrigo\Desktop\DevNetwork\.metadata\.plugins\org.eclipse.swt\EBWebView\Default lastActive=null
2026-08-16 21:32:50.978: [INFO] LastUsedProfileDir: C:\Users\rodrigo\Desktop\DevNetwork\.metadata\.plugins\org.eclipse.swt\EBWebView\Default
2026-08-16 21:32:50.978: [INFO] OnDoneLoading sync enabled: 0
2026-08-16 21:32:50.978: [INFO] BookmarkModelLoaded, ids_reassigned: 0
2026-08-16 21:32:50.978: [INFO] BookmarksLoadDropped droppedNodes=0
2026-08-16 21:32:50.978: [INFO] BookmarksSnapshot Startup total=0 bar=0 other=0 mobile=0 showBar=0 showBarNTP=1
2026-08-16 21:32:55.508: [INFO] BookmarksSnapshot Shutdown total=0 bar=0 other=0 mobile=0 showBar=0 showBarNTP=1
2026-08-16 21:32:55.588: [INFO] CurrentProfilePath: C:\Users\rodrigo\Desktop\DevNetwork\.metadata\.plugins\org.eclipse.swt\EBWebView\Default
2026-08-16 21:32:55.588: [INFO] Profiles total count: 1
2026-08-16 21:32:55.588: [INFO] Profile: name=Perfil 1 path=C:\Users\rodrigo\Desktop\DevNetwork\.metadata\.plugins\org.eclipse.swt\EBWebView\Default lastActive=null
2026-08-16 21:32:55.588: [INFO] LastUsedProfileDir: C:\Users\rodrigo\Desktop\DevNetwork\.metadata\.plugins\org.eclipse.swt\EBWebView\Default
2026-08-16 21:32:55.588: [INFO] OnDoneLoading sync enabled: 0
2026-08-16 21:32:55.588: [INFO] BookmarkModelLoaded, ids_reassigned: 0
2026-08-16 21:32:55.588: [INFO] BookmarksLoadDropped droppedNodes=0
2026-08-16 21:32:55.588: [INFO] BookmarksSnapshot Startup total=0 bar=0 other=0 mobile=0 showBar=0 showBarNTP=1
2026-08-16 21:38:13.289: [INFO] BookmarksSnapshot Shutdown total=0 bar=0 other=0 mobile=0 showBar=0 showBarNTP=1
2026-08-16 21:56:35.718: [INFO] CurrentProfilePath: C:\Users\rodrigo\Desktop\DevNetwork\BackEnd\.metadata\.plugins\org.eclipse.swt\EBWebView\Default
2026-08-16 21:56:35.718: [INFO] Profiles total count: 1
2026-08-16 21:56:35.718: [INFO] Profile: name=Perfil 1 path=C:\Users\rodrigo\Desktop\DevNetwork\BackEnd\.metadata\.plugins\org.eclipse.swt\EBWebView\Default lastActive=null
2026-08-16 21:56:35.718: [INFO] LastUsedProfileDir: C:\Users\rodrigo\Desktop\DevNetwork\BackEnd\.metadata\.plugins\org.eclipse.swt\EBWebView\Default
2026-08-16 21:56:35.718: [INFO] OnDoneLoading sync enabled: 0
2026-08-16 21:56:35.718: [INFO] BookmarkModelLoaded, ids_reassigned: 0
2026-08-16 21:56:35.718: [INFO] BookmarksLoadDropped droppedNodes=0
2026-08-16 21:56:35.718: [INFO] BookmarksSnapshot Startup total=0 bar=0 other=0 mobile=0 showBar=0 showBarNTP=1
2026-08-16 23:12:33.550: [INFO] BookmarksSnapshot Shutdown total=0 bar=0 other=0 mobile=0 showBar=0 showBarNTP=1
